--- jlcparts_import.c ---
gcc.exe : jlcparts_import.c: In function 'ParseCsvLine':
At C:\Users\DELL\AppData\Local\Temp\ps-script-2de89984-e291-4641-b9a9-cc6ec67378a6.ps1:113 char:8
+   $r = & gcc @COMMON -c $s -o "$OUT\$base.o" 2>&1
+        ~~~~~~~~~~~~~~~~~~~~~~~~~~~~~~~~~~~~~~~~~~
    + CategoryInfo          : NotSpecified: (jlcparts_import...'ParseCsvLine'::String) [], RemoteException
    + FullyQualifiedErrorId : NativeCommandError
 
jlcparts_import.c:170:13: warning: conversion from 'size_t' {aka 'long long unsigned int'} to 'int' may change value 
[-Wconversion]
  170 |   int len = strlen(field_buf);
      |             ^~~~~~
jlcparts_import.c: At top level:
jlcparts_import.c:254:6: warning: no previous prototype for 'ImportJlcPartsRow' [-Wmissing-prototypes]
  254 | bool ImportJlcPartsRow(const char *mfr, const char *package, const char *name1,
      |      ^~~~~~~~~~~~~~~~~
--- compiler.c ---
gcc.exe : In file included from compiler.c:9:
At C:\Users\DELL\AppData\Local\Temp\ps-script-2de89984-e291-4641-b9a9-cc6ec67378a6.ps1:113 char:8
+   $r = & gcc @COMMON -c $s -o "$OUT\$base.o" 2>&1
+        ~~~~~~~~~~~~~~~~~~~~~~~~~~~~~~~~~~~~~~~~~~
    + CategoryInfo          : NotSpecified: (In file included from compiler.c:9::String) [], RemoteException
    + FullyQualifiedErrorId : NativeCommandError
 
compiler.c: In function 'compiler_physics_design_add':
compiler.c:789:17: warning: conversion from 'double' to 'float' may change value [-Wfloat-conversion]
  789 |   if (!isfinite(value) || !isfinite(tolerance_pct) || tolerance_pct < 0.0)
      |                 ^~~~~
compiler.c:789:37: warning: conversion from 'double' to 'float' may change value [-Wfloat-conversion]
  789 |   if (!isfinite(value) || !isfinite(tolerance_pct) || tolerance_pct < 0.0)
      |                                     ^~~~~~~~~~~~~
compiler.c: At top level:
compiler.c:31:1: warning: 'find_connection_any' defined but not used [-Wunused-function]
   31 | find_connection_any(const TopologyConnectionRow *connections, int count,
      | ^~~~~~~~~~~~~~~~~~~
--- unit_parse.c ---
gcc.exe : In file included from unit_parse.c:6:
At C:\Users\DELL\AppData\Local\Temp\ps-script-2de89984-e291-4641-b9a9-cc6ec67378a6.ps1:113 char:8
+   $r = & gcc @COMMON -c $s -o "$OUT\$base.o" 2>&1
+        ~~~~~~~~~~~~~~~~~~~~~~~~~~~~~~~~~~~~~~~~~~
    + CategoryInfo          : NotSpecified: (In file included from unit_parse.c:6::String) [], RemoteException
    + FullyQualifiedErrorId : NativeCommandError
 
unit_parse.c: In function 'unit_parse_si':
unit_parse.c:38:31: warning: conversion from 'double' to 'float' may change value [-Wfloat-conversion]
   38 |   if (end == buf || !isfinite(mag))
      |                               ^~~
--- physics2_interpreter.c ---
gcc.exe : In file included from physics2_interpreter.c:3:
At C:\Users\DELL\AppData\Local\Temp\ps-script-2de89984-e291-4641-b9a9-cc6ec67378a6.ps1:113 char:8
+   $r = & gcc @COMMON -c $s -o "$OUT\$base.o" 2>&1
+        ~~~~~~~~~~~~~~~~~~~~~~~~~~~~~~~~~~~~~~~~~~
    + CategoryInfo          : NotSpecified: (In file include...nterpreter.c:3::String) [], RemoteException
    + FullyQualifiedErrorId : NativeCommandError
 
physics2_interpreter.c: In function 'resistor_stamp':
physics2_interpreter.c:343:17: warning: conversion from 'double' to 'float' may change value [-Wfloat-conversion]
  343 |   if (!isfinite(resistance) || resistance <= 0.0)
      |                 ^~~~~~~~~~
physics2_interpreter.c: In function 'capacitor_stamp':
physics2_interpreter.c:416:17: warning: conversion from 'double' to 'float' may change value [-Wfloat-conversion]
  416 |   if (!isfinite(capacitance) || capacitance <= 0.0)
      |                 ^~~~~~~~~~~
physics2_interpreter.c: In function 'vsource_stamp':
physics2_interpreter.c:523:17: warning: conversion from 'double' to 'float' may change value [-Wfloat-conversion]
  523 |   if (!isfinite(voltage))
      |                 ^~~~~~~
physics2_interpreter.c: In function 'inductor_stamp':
physics2_interpreter.c:618:17: warning: conversion from 'double' to 'float' may change value [-Wfloat-conversion]
  618 |   if (!isfinite(inductance) || inductance <= 0.0)
      |                 ^~~~~~~~~~
physics2_interpreter.c: In function 'isource_stamp':
physics2_interpreter.c:706:17: warning: conversion from 'double' to 'float' may change value [-Wfloat-conversion]
  706 |   if (!isfinite(current))
      |                 ^~~~~~~
physics2_interpreter.c: In function 'vcvs_stamp':
physics2_interpreter.c:806:17: warning: conversion from 'double' to 'float' may change value [-Wfloat-conversion]
  806 |   if (!isfinite(mu))
      |                 ^~
physics2_interpreter.c: In function 'vccs_stamp':
physics2_interpreter.c:879:17: warning: conversion from 'double' to 'float' may change value [-Wfloat-conversion]
  879 |   if (!isfinite(gm))
      |                 ^~
physics2_interpreter.c: In function 'ccvs_stamp':
physics2_interpreter.c:956:17: warning: conversion from 'double' to 'float' may change value [-Wfloat-conversion]
  956 |   if (!isfinite(rm))
      |                 ^~
physics2_interpreter.c: In function 'cccs_stamp':
physics2_interpreter.c:1046:17: warning: conversion from 'double' to 'float' may change value [-Wfloat-conversion]
 1046 |   if (!isfinite(beta))
      |                 ^~~~
physics2_interpreter.c: In function 'init_common':
physics2_interpreter.c:1151:17: warning: conversion from 'double' to 'float' may change value [-Wfloat-conversion]
 1151 |   if (!isfinite(value))
      |                 ^~~~~
physics2_interpreter.c:1154:17: warning: conversion from 'double' to 'float' may change value [-Wfloat-conversion]
 1154 |   if (!isfinite(tolerance_pct) || tolerance_pct < 0.0)
      |                 ^~~~~~~~~~~~~
physics2_interpreter.c: In function 'init_controlled':
physics2_interpreter.c:1222:17: warning: conversion from 'double' to 'float' may change value [-Wfloat-conversion]
 1222 |   if (!isfinite(gain))
      |                 ^~~~
physics2_interpreter.c:1225:17: warning: conversion from 'double' to 'float' may change value [-Wfloat-conversion]
 1225 |   if (!isfinite(tolerance_pct) || tolerance_pct < 0.0)
      |                 ^~~~~~~~~~~~~
physics2_interpreter.c: In function 'physics2_primitive_init_diode':
physics2_interpreter.c:1272:17: warning: conversion from 'double' to 'float' may change value [-Wfloat-conversion]
 1272 |   if (!isfinite(isat_a) || isat_a <= 0.0)
      |                 ^~~~~~
physics2_interpreter.c:1275:17: warning: conversion from 'double' to 'float' may change value [-Wfloat-conversion]
 1275 |   if (!isfinite(n) || n <= 0.0)
      |                 ^
physics2_interpreter.c:1278:17: warning: conversion from 'double' to 'float' may change value [-Wfloat-conversion]
 1278 |   if (!isfinite(vt_v) || vt_v <= 0.0)
      |                 ^~~~
physics2_interpreter.c:1281:17: warning: conversion from 'double' to 'float' may change value [-Wfloat-conversion]
 1281 |   if (!isfinite(tolerance_pct) || tolerance_pct < 0.0)
      |                 ^~~~~~~~~~~~~
physics2_interpreter.c: In function 'init_transistor':
physics2_interpreter.c:1455:17: warning: conversion from 'double' to 'float' may change value [-Wfloat-conversion]
 1455 |   if (!isfinite(scale) || scale <= 0.0)
      |                 ^~~~~
physics2_interpreter.c:1458:17: warning: conversion from 'double' to 'float' may change value [-Wfloat-conversion]
 1458 |   if (!isfinite(tolerance_pct) || tolerance_pct < 0.0)
      |                 ^~~~~~~~~~~~~
physics2_interpreter.c: In function 'physics2_context_init':
physics2_interpreter.c:1775:36: warning: conversion from 'double' to 'float' may change value [-Wfloat-conversion]
 1775 |   if (timestep <= 0.0 || !isfinite(timestep))
      |                                    ^~~~~~~~
physics2_interpreter.c: In function 'physics2_context_step':
physics2_interpreter.c:1925:21: warning: conversion from 'double' to 'float' may change value [-Wfloat-conversion]
 1925 |       if (!isfinite(inductance) || inductance <= 0.0 ||
      |                     ^~~~~~~~~~
--- physics2_typecheck.c ---
gcc.exe : In file included from physics2_typecheck.c:4:
At C:\Users\DELL\AppData\Local\Temp\ps-script-2de89984-e291-4641-b9a9-cc6ec67378a6.ps1:113 char:8
+   $r = & gcc @COMMON -c $s -o "$OUT\$base.o" 2>&1
+        ~~~~~~~~~~~~~~~~~~~~~~~~~~~~~~~~~~~~~~~~~~
    + CategoryInfo          : NotSpecified: (In file include..._typecheck.c:4::String) [], RemoteException
    + FullyQualifiedErrorId : NativeCommandError
 
physics2_typecheck.c: In function 'is_integer_double':
physics2_typecheck.c:30:17: warning: conversion from 'double' to 'float' may change value [-Wfloat-conversion]
   30 |   if (!isfinite(value))
      |                 ^~~~~
--- verify/verify_report.c ---
gcc.exe : In file included from verify/verify_report.c:6:
At C:\Users\DELL\AppData\Local\Temp\ps-script-2de89984-e291-4641-b9a9-cc6ec67378a6.ps1:113 char:8
+   $r = & gcc @COMMON -c $s -o "$OUT\$base.o" 2>&1
+        ~~~~~~~~~~~~~~~~~~~~~~~~~~~~~~~~~~~~~~~~~~
    + CategoryInfo          : NotSpecified: (In file include...ify_report.c:6::String) [], RemoteException
    + FullyQualifiedErrorId : NativeCommandError
 
verify/verify_report.c: In function 'verify_rc_analytical':
verify/verify_report.c:172:58: warning: conversion from 'double' to 'float' may change value [-Wfloat-conversion]
  172 |   out->passed = (out->rating_violations == 0 && isfinite(fc) && fc > 0.0) ? 1
      |                                                          ^~
verify/verify_report.c: In function 'verify_bound_schematic':
verify/verify_report.c:275:28: warning: conversion from 'double' to 'float' may change value [-Wfloat-conversion]
  275 |     out->passed = isfinite(fc) && fc > 0.0 ? 1 : 0;
      |                            ^~
