--- mna.c ---
gcc.exe : In file included from vendor_next/src/mna.c:4:
At C:\Users\DELL\AppData\Local\Temp\ps-script-ba4165ce-1b13-480f-bf8a-9c1e489de148.ps1:115 char:8
+   $r = & gcc @COMMON -c "vendor_next/src/$f.c" -o "$OUT\$f.o" 2>&1
+        ~~~~~~~~~~~~~~~~~~~~~~~~~~~~~~~~~~~~~~~~~~~~~~~~~~~~~~~~~~~
    + CategoryInfo          : NotSpecified: (In file include...xt/src/mna.c:4::String) [], RemoteException
    + FullyQualifiedErrorId : NativeCommandError
 
vendor_next/src/mna.c: In function 'mna_add_resistor':
vendor_next/src/mna.c:165:37: warning: conversion from 'double' to 'float' may change value [-Wfloat-conversion]
  165 |       node_a == node_b || !isfinite(resistance_ohm) || resistance_ohm <= 0.0) {
      |                                     ^~~~~~~~~~~~~~
vendor_next/src/mna.c: In function 'mna_add_voltage_source':
vendor_next/src/mna.c:188:37: warning: conversion from 'double' to 'float' may change value [-Wfloat-conversion]
  188 |       node_a == node_b || !isfinite(voltage_v)) {
      |                                     ^~~~~~~~~
vendor_next/src/mna.c: In function 'mna_add_diode':
vendor_next/src/mna.c:217:17: warning: conversion from 'double' to 'float' may change value [-Wfloat-conversion]
  217 |   if (!isfinite(saturation_current_a) || saturation_current_a <= 0.0) {
      |                 ^~~~~~~~~~~~~~~~~~~~
vendor_next/src/mna.c:221:17: warning: conversion from 'double' to 'float' may change value [-Wfloat-conversion]
  221 |   if (!isfinite(ideality_factor) || ideality_factor <= 0.0) {
      |                 ^~~~~~~~~~~~~~~
vendor_next/src/mna.c:225:17: warning: conversion from 'double' to 'float' may change value [-Wfloat-conversion]
  225 |   if (!isfinite(temperature_k) || temperature_k <= 0.0) {
      |                 ^~~~~~~~~~~~~
vendor_next/src/mna.c: At top level:
vendor_next/src/mna.c:305:16: warning: 'matrix_node_entry' defined but not used [-Wunused-function]
  305 | static double *matrix_node_entry(MnaMatrix *matrix, size_t node_a,
      |                ^~~~~~~~~~~~~~~~~
